["start",{}]
["pass",{"title":"passing standalone test","fullTitle":"standalone suite passing standalone test","duration":\d+,"currentRetry":0,"speed":"fast"}]
["fail",{"title":"failing standalone test","fullTitle":"standalone suite failing standalone test","duration":\d+,"currentRetry":0,"err":"standalone fail","stack":"Error: standalone fail\n    at fail (sample-test.cjs:2:17)\n    at Context.<anonymous> (sample-test.cjs:21:5)"}]
["pass",{"title":"passing outer test","fullTitle":"outer suite passing outer test","duration":\d+,"currentRetry":0,"speed":"fast"}]
["fail",{"title":"failing outer test","fullTitle":"outer suite failing outer test","duration":\d+,"currentRetry":0,"err":"outer fail","stack":"Error: outer fail\n    at fail (sample-test.cjs:2:17)\n    at Context.<anonymous> (sample-test.cjs:39:5)"}]
["pass",{"title":"passing inner test","fullTitle":"inner suite passing inner test","duration":\d+,"currentRetry":0,"speed":"fast"}]
["fail",{"title":"failing inner test","fullTitle":"inner suite failing inner test","duration":\d+,"currentRetry":0,"err":"inner fail","stack":"Error: inner fail\n    at fail (sample-test.cjs:2:17)\n    at Context.<anonymous> (sample-test.cjs:34:7)"}]
["end",{"suites":3,"tests":6,"passes":3,"pending":0,"failures":3,"start":"\d+-\d+-\d+T\d+:\d+:\d+\.\d+Z","end":"\d+-\d+-\d+T\d+:\d+:\d+\.\d+Z","duration":\d+}]
