ok 1 standalone suite passing standalone test
not ok 2 standalone suite failing standalone test
  standalone fail
  Error: standalone fail
      at fail (sample-test.cjs:2:17)
      at Context.<anonymous> (sample-test.cjs:21:5)
ok 3 outer suite passing outer test
not ok 4 outer suite failing outer test
  outer fail
  Error: outer fail
      at fail (sample-test.cjs:2:17)
      at Context.<anonymous> (sample-test.cjs:39:5)
ok 5 inner suite passing inner test
not ok 6 inner suite failing inner test
  inner fail
  Error: inner fail
      at fail (sample-test.cjs:2:17)
      at Context.<anonymous> (sample-test.cjs:34:7)
# tests 6
# pass 3
# fail 3
1..6
